{
    "modkit_pileup": {
        "content": [
            {
                "0": [
                    [
                        {
                            "id": "test",
                            "single_end": false
                        },
                        "test.bed:md5,d41d8cd98f00b204e9800998ecf8427e"
                    ]
                ],
                "1": [
                    [
                        {
                            "id": "test",
                            "single_end": false
                        },
                        "test.paired_end.sorted_pileup.log:md5,218e492be12d7224cd2d3ff78c7a4986"
                    ]
                ],
                "2": [
                    "versions.yml:md5,f93491243c04370eaf7d1053669c46e9"
                ],
                "bed": [
                    [
                        {
                            "id": "test",
                            "single_end": false
                        },
                        "test.bed:md5,d41d8cd98f00b204e9800998ecf8427e"
                    ]
                ],
                "log": [
                    [
                        {
                            "id": "test",
                            "single_end": false
                        },
                        "test.paired_end.sorted_pileup.log:md5,218e492be12d7224cd2d3ff78c7a4986"
                    ]
                ],
                "versions": [
                    "versions.yml:md5,f93491243c04370eaf7d1053669c46e9"
                ]
            }
        ],
        "timestamp": "2023-11-29T06:12:02.440619"
    }
}